
> odoo-indus-hackathon-2026@0.1.0 build
> next build

  Γû▓ Next.js 14.2.35
  - Environments: .env

   Creating an optimized production build ...
 Γ£ô Compiled successfully
   Linting and checking validity of types ...
   Collecting page data ...
   Generating static pages (0/9) ...
   Generating static pages (2/9) 
   Generating static pages (4/9) 
   Generating static pages (6/9) 
 Γ£ô Generating static pages (9/9)
   Finalizing page optimization ...
   Collecting build traces ...

Route (app)                              Size     First Load JS
Γöî Γùï /                                    138 B          87.5 kB
Γö£ Γùï /_not-found                          873 B          88.2 kB
Γö£ ╞Æ /api/auth/[...nextauth]              0 B                0 B
Γö£ ╞Æ /api/auth/signup                     0 B                0 B
Γö£ ╞Æ /api/deliveries                      0 B                0 B
Γö£ ╞Æ /api/deliveries/[id]                 0 B                0 B
Γö£ ╞Æ /api/products                        0 B                0 B
Γö£ ╞Æ /api/products/[id]                   0 B                0 B
Γö£ ╞Æ /api/receipts                        0 B                0 B
Γö£ ╞Æ /api/receipts/[id]                   0 B                0 B
Γöö Γùï /dashboard                           14.1 kB         101 kB
+ First Load JS shared by all            87.3 kB
  Γö£ chunks/117-2fa950a5d8d165fb.js       31.7 kB
  Γö£ chunks/fd9d1056-fadebc0e0df3d1ff.js  53.6 kB
  Γöö other shared chunks (total)          1.95 kB


Γùï  (Static)   prerendered as static content
╞Æ  (Dynamic)  server-rendered on demand

